// Jest Snapshot v1, https://jestjs.io/docs/snapshot-testing

exports[`DataPermissions should display DataPermissions 1`] = `
<div>
  <div
    data-narrow="true"
    data-testid="page"
  >
    <a
      aria-disabled="false"
      class="MuiButtonBase-root MuiIconButton-root u-mr-half large"
      href="#/permissions/data"
      tabindex="0"
    >
      <span
        class="MuiIconButton-label"
      >
        <div
          data-size="16"
          data-testid="Icon"
        >
          <div
            data-testid="Previous"
          />
        </div>
      </span>
      <span
        class="MuiTouchRipple-root"
      />
    </a>
    <div
      style="text-align: center;"
    >
      <div
        data-size="24"
        data-testid="Icon"
      />
      <div
        data-testid="page-title"
      >
        COZYPERMISSIONS.IO.COZY.FILES
      </div>
      <p
        class="MuiTypography-root u-mb-1-half MuiTypography-body1 MuiTypography-colorTextPrimary"
      >
        Permissions.access cozypermissions.io.cozy.files
      </p>
    </div>
    <div
      data-testid="NavigationList"
    >
      <div
        data-testid="NavigationListSection"
      >
        <div>
          <li
            class="MuiListItem-container"
          >
            <div
              aria-disabled="false"
              class="MuiButtonBase-root MuiListItem-root medium MuiListItem-gutters makeStyles-gutters-1 makeStyles-gutters-3 MuiListItem-button MuiListItem-secondaryAction makeStyles-secondaryAction-2 makeStyles-secondaryAction-4"
              role="button"
              tabindex="0"
            >
              <div
                class="MuiListItemIcon-root cozyListItemIcon"
              >
                <div
                  data-testid="AppIcon"
                />
              </div>
              <div
                data-primary="Alan"
                data-testid="ListItemText"
              />
              <span
                class="MuiTouchRipple-root"
              />
            </div>
            <div
              class="MuiListItemSecondaryAction-root"
            >
              <div
                data-size="16"
                data-testid="Icon"
              >
                <div
                  data-testid="Right"
                />
              </div>
            </div>
          </li>
          <hr
            class="MuiDivider-root MuiDivider-inset"
          />
        </div>
        <div>
          <li
            class="MuiListItem-container"
          >
            <div
              aria-disabled="false"
              class="MuiButtonBase-root MuiListItem-root medium MuiListItem-gutters makeStyles-gutters-1 makeStyles-gutters-5 MuiListItem-button MuiListItem-secondaryAction makeStyles-secondaryAction-2 makeStyles-secondaryAction-6"
              role="button"
              tabindex="0"
            >
              <div
                class="MuiListItemIcon-root cozyListItemIcon"
              >
                <div
                  data-testid="AppIcon"
                />
              </div>
              <div
                data-primary="Contacts"
                data-testid="ListItemText"
              />
              <span
                class="MuiTouchRipple-root"
              />
            </div>
            <div
              class="MuiListItemSecondaryAction-root"
            >
              <div
                data-size="16"
                data-testid="Icon"
              >
                <div
                  data-testid="Right"
                />
              </div>
            </div>
          </li>
        </div>
      </div>
    </div>
  </div>
</div>
`;
